SQL> conn angel/angel
ERROR:
ORA-01045: user ANGEL lacks CREATE SESSION privilege; logon denied

SQL> Grant dba to angel;
SP2-0640: Not connected => "SYS" user로 connect 되어있찌 않기 때문.

SQL> show user
USER is "" => 확인해봤더니 유저 이름이 없네.

SQL> conn /as sysdba;
Connected. => 그래서 SYS로 connect 하고나서,

SQL> show user
USER is "SYS" => SYS user로 connect되엇는지 확인했으면,

SQL> grant dba to angel;

Grant succeeded. => 이렇게 허가를 내줄 수 있다!